Archive member included to satisfy reference by file (symbol)

/usr/lib/x86_64-linux-gnu/libc_nonshared.a(elf-init.oS)
                              /usr/lib/gcc/x86_64-linux-gnu/5/../../../x86_64-linux-gnu/crt1.o (__libc_csu_init)

Allocating common symbols
Common symbol       size              file

buffer              0xa               src/main.o

Discarded input sections

 .note.GNU-stack
                0x0000000000000000        0x0 /usr/lib/gcc/x86_64-linux-gnu/5/../../../x86_64-linux-gnu/crt1.o
 .note.GNU-stack
                0x0000000000000000        0x0 /usr/lib/gcc/x86_64-linux-gnu/5/../../../x86_64-linux-gnu/crti.o
 .note.GNU-stack
                0x0000000000000000        0x0 /usr/lib/gcc/x86_64-linux-gnu/5/crtbegin.o
 .note.GNU-stack
                0x0000000000000000        0x0 src/main.o
 .note.GNU-stack
                0x0000000000000000        0x0 src/memory.o
 .note.GNU-stack
                0x0000000000000000        0x0 src/course1.o
 .note.GNU-stack
                0x0000000000000000        0x0 src/stats.o
 .note.GNU-stack
                0x0000000000000000        0x0 /usr/lib/x86_64-linux-gnu/libc_nonshared.a(elf-init.oS)
 .note.GNU-stack
                0x0000000000000000        0x0 /usr/lib/gcc/x86_64-linux-gnu/5/crtend.o
 .note.GNU-stack
                0x0000000000000000        0x0 /usr/lib/gcc/x86_64-linux-gnu/5/../../../x86_64-linux-gnu/crtn.o

Memory Configuration

Name             Origin             Length             Attributes
*default*        0x0000000000000000 0xffffffffffffffff

Linker script and memory map

LOAD /usr/lib/gcc/x86_64-linux-gnu/5/../../../x86_64-linux-gnu/crt1.o
LOAD /usr/lib/gcc/x86_64-linux-gnu/5/../../../x86_64-linux-gnu/crti.o
LOAD /usr/lib/gcc/x86_64-linux-gnu/5/crtbegin.o
LOAD src/main.o
LOAD src/memory.o
LOAD src/course1.o
LOAD src/stats.o
LOAD /usr/lib/gcc/x86_64-linux-gnu/5/libgcc.a
LOAD /usr/lib/gcc/x86_64-linux-gnu/5/libgcc_s.so
LOAD /usr/lib/gcc/x86_64-linux-gnu/5/../../../x86_64-linux-gnu/libc.so
START GROUP
LOAD /lib/x86_64-linux-gnu/libc.so.6
LOAD /usr/lib/x86_64-linux-gnu/libc_nonshared.a
LOAD /lib/x86_64-linux-gnu/ld-linux-x86-64.so.2
END GROUP
LOAD /usr/lib/gcc/x86_64-linux-gnu/5/libgcc.a
LOAD /usr/lib/gcc/x86_64-linux-gnu/5/libgcc_s.so
LOAD /usr/lib/gcc/x86_64-linux-gnu/5/crtend.o
LOAD /usr/lib/gcc/x86_64-linux-gnu/5/../../../x86_64-linux-gnu/crtn.o
                [!provide]                        PROVIDE (__executable_start, 0x400000)
                0x0000000000400238                . = (0x400000 + SIZEOF_HEADERS)

.interp         0x0000000000400238       0x1c
 *(.interp)
 .interp        0x0000000000400238       0x1c /usr/lib/gcc/x86_64-linux-gnu/5/../../../x86_64-linux-gnu/crt1.o

.note.ABI-tag   0x0000000000400254       0x20
 .note.ABI-tag  0x0000000000400254       0x20 /usr/lib/gcc/x86_64-linux-gnu/5/../../../x86_64-linux-gnu/crt1.o

.note.gnu.build-id
                0x0000000000400274       0x24
 *(.note.gnu.build-id)
 .note.gnu.build-id
                0x0000000000400274       0x24 /usr/lib/gcc/x86_64-linux-gnu/5/../../../x86_64-linux-gnu/crt1.o

.hash
 *(.hash)

.gnu.hash       0x0000000000400298       0x1c
 *(.gnu.hash)
 .gnu.hash      0x0000000000400298       0x1c /usr/lib/gcc/x86_64-linux-gnu/5/../../../x86_64-linux-gnu/crt1.o

.dynsym         0x00000000004002b8       0xa8
 *(.dynsym)
 .dynsym        0x00000000004002b8       0xa8 /usr/lib/gcc/x86_64-linux-gnu/5/../../../x86_64-linux-gnu/crt1.o

.dynstr         0x0000000000400360       0x67
 *(.dynstr)
 .dynstr        0x0000000000400360       0x67 /usr/lib/gcc/x86_64-linux-gnu/5/../../../x86_64-linux-gnu/crt1.o

.gnu.version    0x00000000004003c8        0xe
 *(.gnu.version)
 .gnu.version   0x00000000004003c8        0xe /usr/lib/gcc/x86_64-linux-gnu/5/../../../x86_64-linux-gnu/crt1.o

.gnu.version_d  0x00000000004003d8        0x0
 *(.gnu.version_d)
 .gnu.version_d
                0x00000000004003d8        0x0 /usr/lib/gcc/x86_64-linux-gnu/5/../../../x86_64-linux-gnu/crt1.o

.gnu.version_r  0x00000000004003d8       0x30
 *(.gnu.version_r)
 .gnu.version_r
                0x00000000004003d8       0x30 /usr/lib/gcc/x86_64-linux-gnu/5/../../../x86_64-linux-gnu/crt1.o

.rela.dyn       0x0000000000400408       0x18
 *(.rela.init)
 *(.rela.text .rela.text.* .rela.gnu.linkonce.t.*)
 .rela.text     0x0000000000400408        0x0 /usr/lib/gcc/x86_64-linux-gnu/5/../../../x86_64-linux-gnu/crt1.o
 *(.rela.fini)
 *(.rela.rodata .rela.rodata.* .rela.gnu.linkonce.r.*)
 *(.rela.data .rela.data.* .rela.gnu.linkonce.d.*)
 *(.rela.tdata .rela.tdata.* .rela.gnu.linkonce.td.*)
 *(.rela.tbss .rela.tbss.* .rela.gnu.linkonce.tb.*)
 *(.rela.ctors)
 *(.rela.dtors)
 *(.rela.got)
 .rela.got      0x0000000000400408       0x18 /usr/lib/gcc/x86_64-linux-gnu/5/../../../x86_64-linux-gnu/crt1.o
 *(.rela.bss .rela.bss.* .rela.gnu.linkonce.b.*)
 .rela.bss      0x0000000000400420        0x0 /usr/lib/gcc/x86_64-linux-gnu/5/../../../x86_64-linux-gnu/crt1.o
 *(.rela.ldata .rela.ldata.* .rela.gnu.linkonce.l.*)
 *(.rela.lbss .rela.lbss.* .rela.gnu.linkonce.lb.*)
 *(.rela.lrodata .rela.lrodata.* .rela.gnu.linkonce.lr.*)
 *(.rela.ifunc)

.rela.plt       0x0000000000400420       0x78
 *(.rela.plt)
 .rela.plt      0x0000000000400420       0x78 /usr/lib/gcc/x86_64-linux-gnu/5/../../../x86_64-linux-gnu/crt1.o
                [!provide]                        PROVIDE (__rela_iplt_start, .)
 *(.rela.iplt)
 .rela.iplt     0x0000000000400498        0x0 /usr/lib/gcc/x86_64-linux-gnu/5/../../../x86_64-linux-gnu/crt1.o
                [!provide]                        PROVIDE (__rela_iplt_end, .)

.init           0x0000000000400498       0x1a
 *(SORT(.init))
 .init          0x0000000000400498       0x15 /usr/lib/gcc/x86_64-linux-gnu/5/../../../x86_64-linux-gnu/crti.o
                0x0000000000400498                _init
 .init          0x00000000004004ad        0x5 /usr/lib/gcc/x86_64-linux-gnu/5/../../../x86_64-linux-gnu/crtn.o

.plt            0x00000000004004c0       0x60
 *(.plt)
 .plt           0x00000000004004c0       0x60 /usr/lib/gcc/x86_64-linux-gnu/5/../../../x86_64-linux-gnu/crt1.o
                0x00000000004004d0                putchar@@GLIBC_2.2.5
                0x00000000004004e0                puts@@GLIBC_2.2.5
                0x00000000004004f0                __stack_chk_fail@@GLIBC_2.4
                0x0000000000400500                printf@@GLIBC_2.2.5
                0x0000000000400510                __libc_start_main@@GLIBC_2.2.5
 *(.iplt)
 .iplt          0x0000000000400520        0x0 /usr/lib/gcc/x86_64-linux-gnu/5/../../../x86_64-linux-gnu/crt1.o

.plt.got        0x0000000000400520        0x8
 *(.plt.got)
 .plt.got       0x0000000000400520        0x8 /usr/lib/gcc/x86_64-linux-gnu/5/../../../x86_64-linux-gnu/crt1.o

.plt.bnd
 *(.plt.bnd)

.text           0x0000000000400530     0x1132
 *(.text.unlikely .text.*_unlikely .text.unlikely.*)
 .text.unlikely
                0x0000000000400530        0x0 /usr/lib/gcc/x86_64-linux-gnu/5/crtbegin.o
 .text.unlikely
                0x0000000000400530        0x0 /usr/lib/x86_64-linux-gnu/libc_nonshared.a(elf-init.oS)
 *(.text.exit .text.exit.*)
 *(.text.startup .text.startup.*)
 *(.text.hot .text.hot.*)
 *(.text .stub .text.* .gnu.linkonce.t.*)
 .text          0x0000000000400530       0x2a /usr/lib/gcc/x86_64-linux-gnu/5/../../../x86_64-linux-gnu/crt1.o
                0x0000000000400530                _start
 .text          0x000000000040055a        0x0 /usr/lib/gcc/x86_64-linux-gnu/5/../../../x86_64-linux-gnu/crti.o
 *fill*         0x000000000040055a        0x6 
 .text          0x0000000000400560       0xc6 /usr/lib/gcc/x86_64-linux-gnu/5/crtbegin.o
 .text          0x0000000000400626      0x138 src/main.o
                0x0000000000400626                main
 .text          0x000000000040075e       0xdf src/memory.o
                0x000000000040075e                set_value
                0x0000000000400781                clear_value
                0x00000000004007a9                get_value
                0x00000000004007c3                set_all
                0x0000000000400804                clear_all
                0x000000000040082a                my_memmove
 .text          0x000000000040083d      0x918 src/course1.o
                0x000000000040083d                test_data1
                0x00000000004008dc                test_data2
                0x000000000040097b                test_memmove1
                0x0000000000400a74                test_memmove2
                0x0000000000400b6d                test_memmove3
                0x0000000000400c6b                test_memcopy
                0x0000000000400d69                test_memset
                0x0000000000400ea3                test_reverse
                0x0000000000401034                course1
 .text          0x0000000000401155      0x49b src/stats.o
                0x0000000000401256                print_array
                0x0000000000401319                find_maximum
                0x0000000000401373                find_minimum
                0x00000000004013d3                find_median
                0x0000000000401451                find_mean
                0x0000000000401497                print_statistics
                0x0000000000401531                sort_array
 .text          0x00000000004015f0       0x72 /usr/lib/x86_64-linux-gnu/libc_nonshared.a(elf-init.oS)
                0x00000000004015f0                __libc_csu_init
                0x0000000000401660                __libc_csu_fini
 .text          0x0000000000401662        0x0 /usr/lib/gcc/x86_64-linux-gnu/5/crtend.o
 .text          0x0000000000401662        0x0 /usr/lib/gcc/x86_64-linux-gnu/5/../../../x86_64-linux-gnu/crtn.o
 *(.gnu.warning)

.fini           0x0000000000401664        0x9
 *(SORT(.fini))
 .fini          0x0000000000401664        0x4 /usr/lib/gcc/x86_64-linux-gnu/5/../../../x86_64-linux-gnu/crti.o
                0x0000000000401664                _fini
 .fini          0x0000000000401668        0x5 /usr/lib/gcc/x86_64-linux-gnu/5/../../../x86_64-linux-gnu/crtn.o
                [!provide]                        PROVIDE (__etext, .)
                [!provide]                        PROVIDE (_etext, .)
                [!provide]                        PROVIDE (etext, .)

.rodata         0x0000000000401670      0x196
 *(.rodata .rodata.* .gnu.linkonce.r.*)
 .rodata.cst4   0x0000000000401670        0x4 /usr/lib/gcc/x86_64-linux-gnu/5/../../../x86_64-linux-gnu/crt1.o
                0x0000000000401670                _IO_stdin_used
 *fill*         0x0000000000401674        0x4 
 .rodata        0x0000000000401678      0x135 src/course1.o
 .rodata        0x00000000004017ad       0x59 src/stats.o

.rodata1
 *(.rodata1)

.eh_frame_hdr   0x0000000000401808       0xec
 *(.eh_frame_hdr)
 .eh_frame_hdr  0x0000000000401808       0xec /usr/lib/gcc/x86_64-linux-gnu/5/../../../x86_64-linux-gnu/crt1.o
                0x0000000000401808                __GNU_EH_FRAME_HDR
 *(.eh_frame_entry .eh_frame_entry.*)

.eh_frame       0x00000000004018f8      0x3d4
 *(.eh_frame)
 .eh_frame      0x00000000004018f8       0x30 /usr/lib/gcc/x86_64-linux-gnu/5/../../../x86_64-linux-gnu/crt1.o
 .eh_frame      0x0000000000401928       0x40 /usr/lib/gcc/x86_64-linux-gnu/5/../../../x86_64-linux-gnu/crt1.o
 .eh_frame      0x0000000000401968       0x20 src/main.o
                                         0x38 (size before relaxing)
 .eh_frame      0x0000000000401988       0xc0 src/memory.o
                                         0xd8 (size before relaxing)
 .eh_frame      0x0000000000401a48      0x120 src/course1.o
                                        0x138 (size before relaxing)
 .eh_frame      0x0000000000401b68      0x100 src/stats.o
                                        0x118 (size before relaxing)
 .eh_frame      0x0000000000401c68       0x60 /usr/lib/x86_64-linux-gnu/libc_nonshared.a(elf-init.oS)
                                         0x78 (size before relaxing)
 .eh_frame      0x0000000000401cc8        0x4 /usr/lib/gcc/x86_64-linux-gnu/5/crtend.o
 *(.eh_frame.*)

.gcc_except_table
 *(.gcc_except_table .gcc_except_table.*)

.gnu_extab
 *(.gnu_extab*)

.exception_ranges
 *(.exception_ranges .exception_ranges*)
                0x0000000000601e10                . = DATA_SEGMENT_ALIGN (0x200000, 0x1000)

.eh_frame
 *(.eh_frame)
 *(.eh_frame.*)

.gnu_extab
 *(.gnu_extab)

.gcc_except_table
 *(.gcc_except_table .gcc_except_table.*)

.exception_ranges
 *(.exception_ranges .exception_ranges*)

.tdata
 *(.tdata .tdata.* .gnu.linkonce.td.*)

.tbss
 *(.tbss .tbss.* .gnu.linkonce.tb.*)
 *(.tcommon)

.preinit_array  0x0000000000601e10        0x0
                [!provide]                        PROVIDE (__preinit_array_start, .)
 *(.preinit_array)
                [!provide]                        PROVIDE (__preinit_array_end, .)

.init_array     0x0000000000601e10        0x8
                0x0000000000601e10                PROVIDE (__init_array_start, .)
 *(SORT(.init_array.*) SORT(.ctors.*))
 *(.init_array EXCLUDE_FILE(*crtend?.o *crtend.o *crtbegin?.o *crtbegin.o) .ctors)
 .init_array    0x0000000000601e10        0x8 /usr/lib/gcc/x86_64-linux-gnu/5/crtbegin.o
                0x0000000000601e18                PROVIDE (__init_array_end, .)

.fini_array     0x0000000000601e18        0x8
                [!provide]                        PROVIDE (__fini_array_start, .)
 *(SORT(.fini_array.*) SORT(.dtors.*))
 *(.fini_array EXCLUDE_FILE(*crtend?.o *crtend.o *crtbegin?.o *crtbegin.o) .dtors)
 .fini_array    0x0000000000601e18        0x8 /usr/lib/gcc/x86_64-linux-gnu/5/crtbegin.o
                [!provide]                        PROVIDE (__fini_array_end, .)

.ctors
 *crtbegin.o(.ctors)
 *crtbegin?.o(.ctors)
 *(EXCLUDE_FILE(*crtend?.o *crtend.o) .ctors)
 *(SORT(.ctors.*))
 *(.ctors)

.dtors
 *crtbegin.o(.dtors)
 *crtbegin?.o(.dtors)
 *(EXCLUDE_FILE(*crtend?.o *crtend.o) .dtors)
 *(SORT(.dtors.*))
 *(.dtors)

.jcr            0x0000000000601e20        0x8
 *(.jcr)
 .jcr           0x0000000000601e20        0x0 /usr/lib/gcc/x86_64-linux-gnu/5/crtbegin.o
 .jcr           0x0000000000601e20        0x8 /usr/lib/gcc/x86_64-linux-gnu/5/crtend.o

.data.rel.ro
 *(.data.rel.ro.local* .gnu.linkonce.d.rel.ro.local.*)
 *(.data.rel.ro .data.rel.ro.* .gnu.linkonce.d.rel.ro.*)

.dynamic        0x0000000000601e28      0x1d0
 *(.dynamic)
 .dynamic       0x0000000000601e28      0x1d0 /usr/lib/gcc/x86_64-linux-gnu/5/../../../x86_64-linux-gnu/crt1.o
                0x0000000000601e28                _DYNAMIC

.got            0x0000000000601ff8        0x8
 *(.got)
 .got           0x0000000000601ff8        0x8 /usr/lib/gcc/x86_64-linux-gnu/5/../../../x86_64-linux-gnu/crt1.o
 *(.igot)
                0x0000000000602fe8                . = DATA_SEGMENT_RELRO_END (., (SIZEOF (.got.plt) >= 0x18)?0x18:0x0)

.got.plt        0x0000000000602000       0x40
 *(.got.plt)
 .got.plt       0x0000000000602000       0x40 /usr/lib/gcc/x86_64-linux-gnu/5/../../../x86_64-linux-gnu/crt1.o
                0x0000000000602000                _GLOBAL_OFFSET_TABLE_
 *(.igot.plt)
 .igot.plt      0x0000000000602040        0x0 /usr/lib/gcc/x86_64-linux-gnu/5/../../../x86_64-linux-gnu/crt1.o

.data           0x0000000000602040       0x10
 *(.data .data.* .gnu.linkonce.d.*)
 .data          0x0000000000602040        0x4 /usr/lib/gcc/x86_64-linux-gnu/5/../../../x86_64-linux-gnu/crt1.o
                0x0000000000602040                data_start
                0x0000000000602040                __data_start
 .data          0x0000000000602044        0x0 /usr/lib/gcc/x86_64-linux-gnu/5/../../../x86_64-linux-gnu/crti.o
 *fill*         0x0000000000602044        0x4 
 .data          0x0000000000602048        0x8 /usr/lib/gcc/x86_64-linux-gnu/5/crtbegin.o
                0x0000000000602048                __dso_handle
 .data          0x0000000000602050        0x0 src/main.o
 .data          0x0000000000602050        0x0 src/memory.o
 .data          0x0000000000602050        0x0 src/course1.o
 .data          0x0000000000602050        0x0 src/stats.o
 .data          0x0000000000602050        0x0 /usr/lib/x86_64-linux-gnu/libc_nonshared.a(elf-init.oS)
 .data          0x0000000000602050        0x0 /usr/lib/gcc/x86_64-linux-gnu/5/crtend.o
 .data          0x0000000000602050        0x0 /usr/lib/gcc/x86_64-linux-gnu/5/../../../x86_64-linux-gnu/crtn.o

.tm_clone_table
                0x0000000000602050        0x0
 .tm_clone_table
                0x0000000000602050        0x0 /usr/lib/gcc/x86_64-linux-gnu/5/crtbegin.o
 .tm_clone_table
                0x0000000000602050        0x0 /usr/lib/gcc/x86_64-linux-gnu/5/crtend.o

.data1
 *(.data1)
                0x0000000000602050                _edata = .
                [!provide]                        PROVIDE (edata, .)
                0x0000000000602050                . = .
                0x0000000000602050                __bss_start = .

.bss            0x0000000000602050       0x18
 *(.dynbss)
 .dynbss        0x0000000000602050        0x0 /usr/lib/gcc/x86_64-linux-gnu/5/../../../x86_64-linux-gnu/crt1.o
 *(.bss .bss.* .gnu.linkonce.b.*)
 .bss           0x0000000000602050        0x0 /usr/lib/gcc/x86_64-linux-gnu/5/../../../x86_64-linux-gnu/crt1.o
 .bss           0x0000000000602050        0x0 /usr/lib/gcc/x86_64-linux-gnu/5/../../../x86_64-linux-gnu/crti.o
 .bss           0x0000000000602050        0x1 /usr/lib/gcc/x86_64-linux-gnu/5/crtbegin.o
 .bss           0x0000000000602051        0x0 src/main.o
 .bss           0x0000000000602051        0x0 src/memory.o
 .bss           0x0000000000602051        0x0 src/course1.o
 .bss           0x0000000000602051        0x0 src/stats.o
 .bss           0x0000000000602051        0x0 /usr/lib/x86_64-linux-gnu/libc_nonshared.a(elf-init.oS)
 .bss           0x0000000000602051        0x0 /usr/lib/gcc/x86_64-linux-gnu/5/crtend.o
 .bss           0x0000000000602051        0x0 /usr/lib/gcc/x86_64-linux-gnu/5/../../../x86_64-linux-gnu/crtn.o
 *(COMMON)
 *fill*         0x0000000000602051        0x7 
 COMMON         0x0000000000602058        0xa src/main.o
                0x0000000000602058                buffer
                0x0000000000602068                . = ALIGN ((. != 0x0)?0x8:0x1)
 *fill*         0x0000000000602062        0x6 

.lbss
 *(.dynlbss)
 *(.lbss .lbss.* .gnu.linkonce.lb.*)
 *(LARGE_COMMON)
                0x0000000000602068                . = ALIGN (0x8)
                0x0000000000602068                . = SEGMENT_START ("ldata-segment", .)

.lrodata
 *(.lrodata .lrodata.* .gnu.linkonce.lr.*)

.ldata          0x0000000000a02068        0x0
 *(.ldata .ldata.* .gnu.linkonce.l.*)
                0x0000000000a02068                . = ALIGN ((. != 0x0)?0x8:0x1)
                0x0000000000a02068                . = ALIGN (0x8)
                0x0000000000a02068                _end = .
                [!provide]                        PROVIDE (end, .)
                0x0000000000a02068                . = DATA_SEGMENT_END (.)

.stab
 *(.stab)

.stabstr
 *(.stabstr)

.stab.excl
 *(.stab.excl)

.stab.exclstr
 *(.stab.exclstr)

.stab.index
 *(.stab.index)

.stab.indexstr
 *(.stab.indexstr)

.comment        0x0000000000000000       0x34
 *(.comment)
 .comment       0x0000000000000000       0x34 /usr/lib/gcc/x86_64-linux-gnu/5/crtbegin.o
                                         0x35 (size before relaxing)
 .comment       0x0000000000000034       0x35 src/main.o
 .comment       0x0000000000000034       0x35 src/memory.o
 .comment       0x0000000000000034       0x35 src/course1.o
 .comment       0x0000000000000034       0x35 src/stats.o
 .comment       0x0000000000000034       0x35 /usr/lib/gcc/x86_64-linux-gnu/5/crtend.o

.debug
 *(.debug)

.line
 *(.line)

.debug_srcinfo
 *(.debug_srcinfo)

.debug_sfnames
 *(.debug_sfnames)

.debug_aranges  0x0000000000000000       0xc0
 *(.debug_aranges)
 .debug_aranges
                0x0000000000000000       0x30 src/main.o
 .debug_aranges
                0x0000000000000030       0x30 src/memory.o
 .debug_aranges
                0x0000000000000060       0x30 src/course1.o
 .debug_aranges
                0x0000000000000090       0x30 src/stats.o

.debug_pubnames
 *(.debug_pubnames)

.debug_info     0x0000000000000000      0xbff
 *(.debug_info .gnu.linkonce.wi.*)
 .debug_info    0x0000000000000000       0xd5 src/main.o
 .debug_info    0x00000000000000d5      0x230 src/memory.o
 .debug_info    0x0000000000000305      0x5aa src/course1.o
 .debug_info    0x00000000000008af      0x350 src/stats.o

.debug_abbrev   0x0000000000000000      0x344
 *(.debug_abbrev)
 .debug_abbrev  0x0000000000000000       0x87 src/main.o
 .debug_abbrev  0x0000000000000087       0xbd src/memory.o
 .debug_abbrev  0x0000000000000144      0x11f src/course1.o
 .debug_abbrev  0x0000000000000263       0xe1 src/stats.o

.debug_line     0x0000000000000000      0x3f8
 *(.debug_line .debug_line.* .debug_line_end)
 .debug_line    0x0000000000000000       0x6b src/main.o
 .debug_line    0x000000000000006b       0xb2 src/memory.o
 .debug_line    0x000000000000011d      0x1e8 src/course1.o
 .debug_line    0x0000000000000305       0xf3 src/stats.o

.debug_frame
 *(.debug_frame)

.debug_str      0x0000000000000000      0x2b1
 *(.debug_str)
 .debug_str     0x0000000000000000       0xd1 src/main.o
                                         0xfe (size before relaxing)
 .debug_str     0x00000000000000d1       0x79 src/memory.o
                                        0x157 (size before relaxing)
 .debug_str     0x000000000000014a       0xf9 src/course1.o
                                        0x1fc (size before relaxing)
 .debug_str     0x0000000000000243       0x6e src/stats.o
                                        0x159 (size before relaxing)

.debug_loc
 *(.debug_loc)

.debug_macinfo
 *(.debug_macinfo)

.debug_weaknames
 *(.debug_weaknames)

.debug_funcnames
 *(.debug_funcnames)

.debug_typenames
 *(.debug_typenames)

.debug_varnames
 *(.debug_varnames)

.debug_pubtypes
 *(.debug_pubtypes)

.debug_ranges
 *(.debug_ranges)

.debug_macro
 *(.debug_macro)

.gnu.attributes
 *(.gnu.attributes)

/DISCARD/
 *(.note.GNU-stack)
 *(.gnu_debuglink)
 *(.gnu.lto_*)
OUTPUT(c1m2.out elf64-x86-64)
