Archive member included to satisfy reference by file (symbol)

/usr/lib/x86_64-linux-gnu/libc_nonshared.a(elf-init.oS)
                              /usr/lib/gcc/x86_64-linux-gnu/4.8/../../../x86_64-linux-gnu/crt1.o (__libc_csu_init)

Allocating common symbols
Common symbol       size              file

buffer              0xa               src/main.o

Discarded input sections

 .note.GNU-stack
                0x0000000000000000        0x0 /usr/lib/gcc/x86_64-linux-gnu/4.8/../../../x86_64-linux-gnu/crt1.o
 .gnu_debuglink
                0x0000000000000000        0xc /usr/lib/gcc/x86_64-linux-gnu/4.8/../../../x86_64-linux-gnu/crt1.o
 .note.GNU-stack
                0x0000000000000000        0x0 /usr/lib/gcc/x86_64-linux-gnu/4.8/../../../x86_64-linux-gnu/crti.o
 .gnu_debuglink
                0x0000000000000000        0xc /usr/lib/gcc/x86_64-linux-gnu/4.8/../../../x86_64-linux-gnu/crti.o
 .note.GNU-stack
                0x0000000000000000        0x0 /usr/lib/gcc/x86_64-linux-gnu/4.8/crtbegin.o
 .note.GNU-stack
                0x0000000000000000        0x0 src/stats.o
 .note.GNU-stack
                0x0000000000000000        0x0 src/main.o
 .note.GNU-stack
                0x0000000000000000        0x0 src/memory.o
 .note.GNU-stack
                0x0000000000000000        0x0 src/course1.o
 .note.GNU-stack
                0x0000000000000000        0x0 src/data.o
 .note.GNU-stack
                0x0000000000000000        0x0 /usr/lib/x86_64-linux-gnu/libc_nonshared.a(elf-init.oS)
 .note.GNU-stack
                0x0000000000000000        0x0 /usr/lib/gcc/x86_64-linux-gnu/4.8/crtend.o
 .note.GNU-stack
                0x0000000000000000        0x0 /usr/lib/gcc/x86_64-linux-gnu/4.8/../../../x86_64-linux-gnu/crtn.o
 .gnu_debuglink
                0x0000000000000000        0xc /usr/lib/gcc/x86_64-linux-gnu/4.8/../../../x86_64-linux-gnu/crtn.o

Memory Configuration

Name             Origin             Length             Attributes
*default*        0x0000000000000000 0xffffffffffffffff

Linker script and memory map

LOAD /usr/lib/gcc/x86_64-linux-gnu/4.8/../../../x86_64-linux-gnu/crt1.o
LOAD /usr/lib/gcc/x86_64-linux-gnu/4.8/../../../x86_64-linux-gnu/crti.o
LOAD /usr/lib/gcc/x86_64-linux-gnu/4.8/crtbegin.o
LOAD src/stats.o
LOAD src/main.o
LOAD src/memory.o
LOAD src/course1.o
LOAD src/data.o
LOAD /usr/lib/gcc/x86_64-linux-gnu/4.8/libgcc.a
LOAD /usr/lib/gcc/x86_64-linux-gnu/4.8/libgcc_s.so
LOAD /usr/lib/gcc/x86_64-linux-gnu/4.8/../../../x86_64-linux-gnu/libc.so
START GROUP
LOAD /lib/x86_64-linux-gnu/libc.so.6
LOAD /usr/lib/x86_64-linux-gnu/libc_nonshared.a
LOAD /lib/x86_64-linux-gnu/ld-linux-x86-64.so.2
END GROUP
LOAD /usr/lib/gcc/x86_64-linux-gnu/4.8/libgcc.a
LOAD /usr/lib/gcc/x86_64-linux-gnu/4.8/libgcc_s.so
LOAD /usr/lib/gcc/x86_64-linux-gnu/4.8/crtend.o
LOAD /usr/lib/gcc/x86_64-linux-gnu/4.8/../../../x86_64-linux-gnu/crtn.o
                0x0000000000400000                PROVIDE (__executable_start, 0x400000)
                0x0000000000400238                . = (0x400000 + SIZEOF_HEADERS)

.interp         0x0000000000400238       0x1c
 *(.interp)
 .interp        0x0000000000400238       0x1c /usr/lib/gcc/x86_64-linux-gnu/4.8/../../../x86_64-linux-gnu/crt1.o

.note.ABI-tag   0x0000000000400254       0x20
 .note.ABI-tag  0x0000000000400254       0x20 /usr/lib/gcc/x86_64-linux-gnu/4.8/../../../x86_64-linux-gnu/crt1.o

.note.gnu.build-id
                0x0000000000400274       0x24
 *(.note.gnu.build-id)
 .note.gnu.build-id
                0x0000000000400274       0x24 /usr/lib/gcc/x86_64-linux-gnu/4.8/../../../x86_64-linux-gnu/crt1.o

.hash
 *(.hash)

.gnu.hash       0x0000000000400298       0x1c
 *(.gnu.hash)
 .gnu.hash      0x0000000000400298       0x1c /usr/lib/gcc/x86_64-linux-gnu/4.8/../../../x86_64-linux-gnu/crt1.o

.dynsym         0x00000000004002b8       0xd8
 *(.dynsym)
 .dynsym        0x00000000004002b8       0xd8 /usr/lib/gcc/x86_64-linux-gnu/4.8/../../../x86_64-linux-gnu/crt1.o

.dynstr         0x0000000000400390       0x73
 *(.dynstr)
 .dynstr        0x0000000000400390       0x73 /usr/lib/gcc/x86_64-linux-gnu/4.8/../../../x86_64-linux-gnu/crt1.o

.gnu.version    0x0000000000400404       0x12
 *(.gnu.version)
 .gnu.version   0x0000000000400404       0x12 /usr/lib/gcc/x86_64-linux-gnu/4.8/../../../x86_64-linux-gnu/crt1.o

.gnu.version_d  0x0000000000400418        0x0
 *(.gnu.version_d)
 .gnu.version_d
                0x0000000000000000        0x0 /usr/lib/gcc/x86_64-linux-gnu/4.8/../../../x86_64-linux-gnu/crt1.o

.gnu.version_r  0x0000000000400418       0x30
 *(.gnu.version_r)
 .gnu.version_r
                0x0000000000400418       0x30 /usr/lib/gcc/x86_64-linux-gnu/4.8/../../../x86_64-linux-gnu/crt1.o

.rela.dyn       0x0000000000400448       0x18
 *(.rela.init)
 *(.rela.text .rela.text.* .rela.gnu.linkonce.t.*)
 .rela.text     0x0000000000000000        0x0 /usr/lib/gcc/x86_64-linux-gnu/4.8/../../../x86_64-linux-gnu/crt1.o
 *(.rela.fini)
 *(.rela.rodata .rela.rodata.* .rela.gnu.linkonce.r.*)
 *(.rela.data .rela.data.* .rela.gnu.linkonce.d.*)
 *(.rela.tdata .rela.tdata.* .rela.gnu.linkonce.td.*)
 *(.rela.tbss .rela.tbss.* .rela.gnu.linkonce.tb.*)
 *(.rela.ctors)
 *(.rela.dtors)
 *(.rela.got)
 .rela.got      0x0000000000400448       0x18 /usr/lib/gcc/x86_64-linux-gnu/4.8/../../../x86_64-linux-gnu/crt1.o
 *(.rela.bss .rela.bss.* .rela.gnu.linkonce.b.*)
 .rela.bss      0x0000000000000000        0x0 /usr/lib/gcc/x86_64-linux-gnu/4.8/../../../x86_64-linux-gnu/crt1.o
 *(.rela.ldata .rela.ldata.* .rela.gnu.linkonce.l.*)
 *(.rela.lbss .rela.lbss.* .rela.gnu.linkonce.lb.*)
 *(.rela.lrodata .rela.lrodata.* .rela.gnu.linkonce.lr.*)
 *(.rela.ifunc)

.rela.plt       0x0000000000400460       0xc0
 *(.rela.plt)
 .rela.plt      0x0000000000400460       0xc0 /usr/lib/gcc/x86_64-linux-gnu/4.8/../../../x86_64-linux-gnu/crt1.o
                0x0000000000400520                PROVIDE (__rela_iplt_start, .)
 *(.rela.iplt)
 .rela.iplt     0x0000000000000000        0x0 /usr/lib/gcc/x86_64-linux-gnu/4.8/../../../x86_64-linux-gnu/crt1.o
                0x0000000000400520                PROVIDE (__rela_iplt_end, .)

.init           0x0000000000400520       0x1a
 *(SORT(.init))
 .init          0x0000000000400520       0x15 /usr/lib/gcc/x86_64-linux-gnu/4.8/../../../x86_64-linux-gnu/crti.o
                0x0000000000400520                _init
 .init          0x0000000000400535        0x5 /usr/lib/gcc/x86_64-linux-gnu/4.8/../../../x86_64-linux-gnu/crtn.o

.plt            0x0000000000400540       0x90
 *(.plt)
 .plt           0x0000000000400540       0x90 /usr/lib/gcc/x86_64-linux-gnu/4.8/../../../x86_64-linux-gnu/crt1.o
                0x0000000000400550                free@@GLIBC_2.2.5
                0x0000000000400560                putchar@@GLIBC_2.2.5
                0x0000000000400570                puts@@GLIBC_2.2.5
                0x0000000000400580                __stack_chk_fail@@GLIBC_2.4
                0x0000000000400590                printf@@GLIBC_2.2.5
                0x00000000004005a0                __libc_start_main@@GLIBC_2.2.5
                0x00000000004005c0                malloc@@GLIBC_2.2.5
 *(.iplt)
 .iplt          0x0000000000000000        0x0 /usr/lib/gcc/x86_64-linux-gnu/4.8/../../../x86_64-linux-gnu/crt1.o

.text           0x00000000004005d0     0x1242
 *(.text.unlikely .text.*_unlikely .text.unlikely.*)
 *(.text.exit .text.exit.*)
 *(.text.startup .text.startup.*)
 *(.text.hot .text.hot.*)
 *(.text .stub .text.* .gnu.linkonce.t.*)
 .text          0x00000000004005d0       0x2a /usr/lib/gcc/x86_64-linux-gnu/4.8/../../../x86_64-linux-gnu/crt1.o
                0x00000000004005d0                _start
 .text          0x00000000004005fa        0x0 /usr/lib/gcc/x86_64-linux-gnu/4.8/../../../x86_64-linux-gnu/crti.o
 *fill*         0x00000000004005fa        0x6 
 .text          0x0000000000400600       0xbd /usr/lib/gcc/x86_64-linux-gnu/4.8/crtbegin.o
 .text          0x00000000004006bd      0x392 src/stats.o
                0x00000000004006bd                print_array
                0x000000000040077a                find_maximum
                0x00000000004007d4                find_minimum
                0x0000000000400834                find_median
                0x00000000004008b2                find_mean
                0x00000000004008f8                print_statistics
                0x0000000000400991                sort_array
 .text          0x0000000000400a4f      0x13a src/main.o
                0x0000000000400a4f                main
 .text          0x0000000000400b89      0x2f2 src/memory.o
                0x0000000000400b89                set_value
                0x0000000000400bab                clear_value
                0x0000000000400bd2                get_value
                0x0000000000400bec                set_all
                0x0000000000400c2c                clear_all
                0x0000000000400c51                my_memmove
                0x0000000000400cc6                my_memcopy
                0x0000000000400d18                my_memset
                0x0000000000400d77                my_memzero
                0x0000000000400db7                my_reverse
                0x0000000000400e29                reserve_words
                0x0000000000400e43                free_words
 .text          0x0000000000400e7b      0x8f2 src/course1.o
                0x0000000000400e7b                test_data1
                0x0000000000400f35                test_data2
                0x0000000000400fef                test_memmove1
                0x00000000004010dc                test_memmove2
                0x00000000004011c9                test_memmove3
                0x00000000004012bb                test_memcopy
                0x00000000004013a8                test_memset
                0x00000000004014cc                test_reverse
                0x000000000040164d                course1
 .text          0x000000000040176d       0x2a src/data.o
                0x000000000040176d                my_itoa
                0x0000000000401781                my_atoi
 *fill*         0x0000000000401797        0x9 
 .text          0x00000000004017a0       0x72 /usr/lib/x86_64-linux-gnu/libc_nonshared.a(elf-init.oS)
                0x00000000004017a0                __libc_csu_init
                0x0000000000401810                __libc_csu_fini
 .text          0x0000000000401812        0x0 /usr/lib/gcc/x86_64-linux-gnu/4.8/crtend.o
 .text          0x0000000000401812        0x0 /usr/lib/gcc/x86_64-linux-gnu/4.8/../../../x86_64-linux-gnu/crtn.o
 *(.gnu.warning)

.fini           0x0000000000401814        0x9
 *(SORT(.fini))
 .fini          0x0000000000401814        0x4 /usr/lib/gcc/x86_64-linux-gnu/4.8/../../../x86_64-linux-gnu/crti.o
                0x0000000000401814                _fini
 .fini          0x0000000000401818        0x5 /usr/lib/gcc/x86_64-linux-gnu/4.8/../../../x86_64-linux-gnu/crtn.o
                0x000000000040181d                PROVIDE (__etext, .)
                0x000000000040181d                PROVIDE (_etext, .)
                0x000000000040181d                PROVIDE (etext, .)

.rodata         0x0000000000401820      0x1e5
 *(.rodata .rodata.* .gnu.linkonce.r.*)
 .rodata.cst4   0x0000000000401820        0x4 /usr/lib/gcc/x86_64-linux-gnu/4.8/../../../x86_64-linux-gnu/crt1.o
                0x0000000000401820                _IO_stdin_used
 .rodata        0x0000000000401824       0x59 src/stats.o
 *fill*         0x000000000040187d        0x3 
 .rodata        0x0000000000401880      0x185 src/course1.o

.rodata1
 *(.rodata1)

.eh_frame_hdr   0x0000000000401a08      0x124
 *(.eh_frame_hdr)
 .eh_frame_hdr  0x0000000000401a08      0x124 /usr/lib/gcc/x86_64-linux-gnu/4.8/../../../x86_64-linux-gnu/crt1.o

.eh_frame       0x0000000000401b30      0x4bc
 *(.eh_frame)
 .eh_frame      0x0000000000401b30       0x30 /usr/lib/gcc/x86_64-linux-gnu/4.8/../../../x86_64-linux-gnu/crt1.o
 .eh_frame      0x0000000000401b60       0x40 /usr/lib/gcc/x86_64-linux-gnu/4.8/../../../x86_64-linux-gnu/crt1.o
 .eh_frame      0x0000000000401ba0       0xe0 src/stats.o
                                         0xf8 (size before relaxing)
 .eh_frame      0x0000000000401c80       0x20 src/main.o
                                         0x38 (size before relaxing)
 .eh_frame      0x0000000000401ca0      0x180 src/memory.o
                                        0x198 (size before relaxing)
 .eh_frame      0x0000000000401e20      0x128 src/course1.o
                                        0x140 (size before relaxing)
 .eh_frame      0x0000000000401f48       0x40 src/data.o
                                         0x58 (size before relaxing)
 .eh_frame      0x0000000000401f88       0x60 /usr/lib/x86_64-linux-gnu/libc_nonshared.a(elf-init.oS)
                                         0x78 (size before relaxing)
 .eh_frame      0x0000000000401fe8        0x4 /usr/lib/gcc/x86_64-linux-gnu/4.8/crtend.o

.gcc_except_table
 *(.gcc_except_table .gcc_except_table.*)

.exception_ranges
 *(.exception_ranges .exception_ranges*)
                0x0000000000401fec                . = (ALIGN (0x200000) - ((0x200000 - .) & 0x1fffff))
                0x0000000000602e0c                . = DATA_SEGMENT_ALIGN (0x200000, 0x1000)

.eh_frame
 *(.eh_frame)

.gcc_except_table
 *(.gcc_except_table .gcc_except_table.*)

.exception_ranges
 *(.exception_ranges .exception_ranges*)

.tdata
 *(.tdata .tdata.* .gnu.linkonce.td.*)

.tbss
 *(.tbss .tbss.* .gnu.linkonce.tb.*)
 *(.tcommon)

.preinit_array  0x0000000000602e0c        0x0
                0x0000000000602e0c                PROVIDE (__preinit_array_start, .)
 *(.preinit_array)
                0x0000000000602e0c                PROVIDE (__preinit_array_end, .)

.init_array     0x0000000000602e10        0x8
                0x0000000000602e10                PROVIDE (__init_array_start, .)
 *(SORT(.init_array.*) SORT(.ctors.*))
 *(.init_array EXCLUDE_FILE(*crtend?.o *crtend.o *crtbegin?.o *crtbegin.o) .ctors)
 .init_array    0x0000000000602e10        0x8 /usr/lib/gcc/x86_64-linux-gnu/4.8/crtbegin.o
                0x0000000000602e18                PROVIDE (__init_array_end, .)

.fini_array     0x0000000000602e18        0x8
                0x0000000000602e18                PROVIDE (__fini_array_start, .)
 *(SORT(.fini_array.*) SORT(.dtors.*))
 *(.fini_array EXCLUDE_FILE(*crtend?.o *crtend.o *crtbegin?.o *crtbegin.o) .dtors)
 .fini_array    0x0000000000602e18        0x8 /usr/lib/gcc/x86_64-linux-gnu/4.8/crtbegin.o
                0x0000000000602e20                PROVIDE (__fini_array_end, .)

.ctors
 *crtbegin.o(.ctors)
 *crtbegin?.o(.ctors)
 *(EXCLUDE_FILE(*crtend?.o *crtend.o) .ctors)
 *(SORT(.ctors.*))
 *(.ctors)

.dtors
 *crtbegin.o(.dtors)
 *crtbegin?.o(.dtors)
 *(EXCLUDE_FILE(*crtend?.o *crtend.o) .dtors)
 *(SORT(.dtors.*))
 *(.dtors)

.jcr            0x0000000000602e20        0x8
 *(.jcr)
 .jcr           0x0000000000602e20        0x0 /usr/lib/gcc/x86_64-linux-gnu/4.8/crtbegin.o
 .jcr           0x0000000000602e20        0x8 /usr/lib/gcc/x86_64-linux-gnu/4.8/crtend.o

.data.rel.ro
 *(.data.rel.ro.local* .gnu.linkonce.d.rel.ro.local.*)
 *(.data.rel.ro .data.rel.ro.* .gnu.linkonce.d.rel.ro.*)

.dynamic        0x0000000000602e28      0x1d0
 *(.dynamic)
 .dynamic       0x0000000000602e28      0x1d0 /usr/lib/gcc/x86_64-linux-gnu/4.8/../../../x86_64-linux-gnu/crt1.o
                0x0000000000602e28                _DYNAMIC

.got            0x0000000000602ff8        0x8
 *(.got)
 .got           0x0000000000602ff8        0x8 /usr/lib/gcc/x86_64-linux-gnu/4.8/../../../x86_64-linux-gnu/crt1.o
 *(.igot)
                0x0000000000603fe8                . = DATA_SEGMENT_RELRO_END (., (SIZEOF (.got.plt) >= 0x18)?0x18:0x0)

.got.plt        0x0000000000603000       0x58
 *(.got.plt)
 .got.plt       0x0000000000603000       0x58 /usr/lib/gcc/x86_64-linux-gnu/4.8/../../../x86_64-linux-gnu/crt1.o
                0x0000000000603000                _GLOBAL_OFFSET_TABLE_
 *(.igot.plt)
 .igot.plt      0x0000000000000000        0x0 /usr/lib/gcc/x86_64-linux-gnu/4.8/../../../x86_64-linux-gnu/crt1.o

.data           0x0000000000603058       0x10
 *(.data .data.* .gnu.linkonce.d.*)
 .data          0x0000000000603058        0x4 /usr/lib/gcc/x86_64-linux-gnu/4.8/../../../x86_64-linux-gnu/crt1.o
                0x0000000000603058                data_start
                0x0000000000603058                __data_start
 .data          0x000000000060305c        0x0 /usr/lib/gcc/x86_64-linux-gnu/4.8/../../../x86_64-linux-gnu/crti.o
 *fill*         0x000000000060305c        0x4 
 .data          0x0000000000603060        0x8 /usr/lib/gcc/x86_64-linux-gnu/4.8/crtbegin.o
                0x0000000000603060                __dso_handle
 .data          0x0000000000603068        0x0 src/stats.o
 .data          0x0000000000603068        0x0 src/main.o
 .data          0x0000000000603068        0x0 src/memory.o
 .data          0x0000000000603068        0x0 src/course1.o
 .data          0x0000000000603068        0x0 src/data.o
 .data          0x0000000000603068        0x0 /usr/lib/x86_64-linux-gnu/libc_nonshared.a(elf-init.oS)
 .data          0x0000000000603068        0x0 /usr/lib/gcc/x86_64-linux-gnu/4.8/crtend.o
 .data          0x0000000000603068        0x0 /usr/lib/gcc/x86_64-linux-gnu/4.8/../../../x86_64-linux-gnu/crtn.o

.tm_clone_table
                0x0000000000603068        0x0
 .tm_clone_table
                0x0000000000603068        0x0 /usr/lib/gcc/x86_64-linux-gnu/4.8/crtbegin.o
 .tm_clone_table
                0x0000000000603068        0x0 /usr/lib/gcc/x86_64-linux-gnu/4.8/crtend.o

.data1
 *(.data1)
                0x0000000000603068                _edata = .
                0x0000000000603068                PROVIDE (edata, .)
                0x0000000000603068                . = .
                0x0000000000603068                __bss_start = .

.bss            0x0000000000603068       0x10
 *(.dynbss)
 .dynbss        0x0000000000000000        0x0 /usr/lib/gcc/x86_64-linux-gnu/4.8/../../../x86_64-linux-gnu/crt1.o
 *(.bss .bss.* .gnu.linkonce.b.*)
 .bss           0x0000000000603068        0x0 /usr/lib/gcc/x86_64-linux-gnu/4.8/../../../x86_64-linux-gnu/crt1.o
 .bss           0x0000000000603068        0x0 /usr/lib/gcc/x86_64-linux-gnu/4.8/../../../x86_64-linux-gnu/crti.o
 .bss           0x0000000000603068        0x1 /usr/lib/gcc/x86_64-linux-gnu/4.8/crtbegin.o
 .bss           0x0000000000603069        0x0 src/stats.o
 .bss           0x0000000000603069        0x0 src/main.o
 .bss           0x0000000000603069        0x0 src/memory.o
 .bss           0x0000000000603069        0x0 src/course1.o
 .bss           0x0000000000603069        0x0 src/data.o
 .bss           0x0000000000603069        0x0 /usr/lib/x86_64-linux-gnu/libc_nonshared.a(elf-init.oS)
 .bss           0x0000000000603069        0x0 /usr/lib/gcc/x86_64-linux-gnu/4.8/crtend.o
 .bss           0x0000000000603069        0x0 /usr/lib/gcc/x86_64-linux-gnu/4.8/../../../x86_64-linux-gnu/crtn.o
 *(COMMON)
 COMMON         0x0000000000603069        0xa src/main.o
                0x0000000000603069                buffer
                0x0000000000603078                . = ALIGN ((. != 0x0)?0x8:0x1)
 *fill*         0x0000000000603073        0x5 

.lbss
 *(.dynlbss)
 *(.lbss .lbss.* .gnu.linkonce.lb.*)
 *(LARGE_COMMON)
                0x0000000000603078                . = ALIGN (0x8)
                0x0000000000603078                . = SEGMENT_START ("ldata-segment", .)

.lrodata
 *(.lrodata .lrodata.* .gnu.linkonce.lr.*)

.ldata          0x0000000000a03078        0x0
 *(.ldata .ldata.* .gnu.linkonce.l.*)
                0x0000000000a03078                . = ALIGN ((. != 0x0)?0x8:0x1)
                0x0000000000a03078                . = ALIGN (0x8)
                0x0000000000a03078                _end = .
                0x0000000000a03078                PROVIDE (end, .)
                0x0000000000a03078                . = DATA_SEGMENT_END (.)

.stab
 *(.stab)

.stabstr
 *(.stabstr)

.stab.excl
 *(.stab.excl)

.stab.exclstr
 *(.stab.exclstr)

.stab.index
 *(.stab.index)

.stab.indexstr
 *(.stab.indexstr)

.comment        0x0000000000000000       0x2b
 *(.comment)
 .comment       0x0000000000000000       0x2b /usr/lib/gcc/x86_64-linux-gnu/4.8/crtbegin.o
                                         0x2c (size before relaxing)
 .comment       0x0000000000000000       0x2c src/stats.o
 .comment       0x0000000000000000       0x2c src/main.o
 .comment       0x0000000000000000       0x2c src/memory.o
 .comment       0x0000000000000000       0x2c src/course1.o
 .comment       0x0000000000000000       0x2c src/data.o
 .comment       0x0000000000000000       0x2c /usr/lib/x86_64-linux-gnu/libc_nonshared.a(elf-init.oS)
 .comment       0x0000000000000000       0x2c /usr/lib/gcc/x86_64-linux-gnu/4.8/crtend.o

.debug
 *(.debug)

.line
 *(.line)

.debug_srcinfo
 *(.debug_srcinfo)

.debug_sfnames
 *(.debug_sfnames)

.debug_aranges  0x0000000000000000       0xf0
 *(.debug_aranges)
 .debug_aranges
                0x0000000000000000       0x30 src/stats.o
 .debug_aranges
                0x0000000000000030       0x30 src/main.o
 .debug_aranges
                0x0000000000000060       0x30 src/memory.o
 .debug_aranges
                0x0000000000000090       0x30 src/course1.o
 .debug_aranges
                0x00000000000000c0       0x30 src/data.o

.debug_pubnames
 *(.debug_pubnames)

.debug_info     0x0000000000000000      0xdc2
 *(.debug_info .gnu.linkonce.wi.*)
 .debug_info    0x0000000000000000      0x314 src/stats.o
 .debug_info    0x0000000000000314       0xdc src/main.o
 .debug_info    0x00000000000003f0      0x484 src/memory.o
 .debug_info    0x0000000000000874      0x426 src/course1.o
 .debug_info    0x0000000000000c9a      0x128 src/data.o

.debug_abbrev   0x0000000000000000      0x397
 *(.debug_abbrev)
 .debug_abbrev  0x0000000000000000       0xb7 src/stats.o
 .debug_abbrev  0x00000000000000b7       0x87 src/main.o
 .debug_abbrev  0x000000000000013e       0xe2 src/memory.o
 .debug_abbrev  0x0000000000000220       0xe3 src/course1.o
 .debug_abbrev  0x0000000000000303       0x94 src/data.o

.debug_line     0x0000000000000000      0x4a4
 *(.debug_line .debug_line.* .debug_line_end)
 .debug_line    0x0000000000000000       0xd1 src/stats.o
 .debug_line    0x00000000000000d1       0x6c src/main.o
 .debug_line    0x000000000000013d      0x14b src/memory.o
 .debug_line    0x0000000000000288      0x1c2 src/course1.o
 .debug_line    0x000000000000044a       0x5a src/data.o

.debug_frame
 *(.debug_frame)

.debug_str      0x0000000000000000      0x2bc
 *(.debug_str)
 .debug_str     0x0000000000000000      0x123 src/stats.o
                                        0x14a (size before relaxing)
 .debug_str     0x0000000000000123       0x25 src/main.o
                                        0x102 (size before relaxing)
 .debug_str     0x0000000000000148       0xb3 src/memory.o
                                        0x1a2 (size before relaxing)
 .debug_str     0x00000000000001fb       0x9c src/course1.o
                                        0x1ac (size before relaxing)
 .debug_str     0x0000000000000297       0x25 src/data.o
                                        0x11c (size before relaxing)

.debug_loc
 *(.debug_loc)

.debug_macinfo
 *(.debug_macinfo)

.debug_weaknames
 *(.debug_weaknames)

.debug_funcnames
 *(.debug_funcnames)

.debug_typenames
 *(.debug_typenames)

.debug_varnames
 *(.debug_varnames)

.debug_pubtypes
 *(.debug_pubtypes)

.debug_ranges
 *(.debug_ranges)

.debug_macro
 *(.debug_macro)

.gnu.attributes
 *(.gnu.attributes)

/DISCARD/
 *(.note.GNU-stack)
 *(.gnu_debuglink)
 *(.gnu.lto_*)
OUTPUT(course1.out elf64-x86-64)
